
> spoonjoy-v2@1.0.0 verify:clean:test:coverage /Users/arimendelow/Projects/spoonjoy-v2-web-apple-sign-in-production-repair
> node scripts/run-with-warning-policy.mjs -- pnpm run test:coverage


> spoonjoy-v2@1.0.0 test:coverage /Users/arimendelow/Projects/spoonjoy-v2-web-apple-sign-in-production-repair
> tsx scripts/warning-gate.ts -- pnpm run api:playground:generate --then pnpm exec vitest run --coverage --fileParallelism=false


> spoonjoy-v2@1.0.0 api:playground:generate /Users/arimendelow/Projects/spoonjoy-v2-web-apple-sign-in-production-repair
> tsx scripts/generate-api-playground.ts

Generated app/lib/generated/api-v1-playground.ts

 RUN  v4.1.10 /Users/arimendelow/Projects/spoonjoy-v2-web-apple-sign-in-production-repair
      Coverage enabled with istanbul

direct clean child

 Test Files  381 passed (381)
      Tests  8321 passed (8321)
   Start at  20:19:33
   Duration  524.60s (transform 22.19s, setup 22.31s, import 88.88s, tests 301.80s, environment 58.83s)

 % Coverage report from istanbul
-------------------|---------|----------|---------|---------|-------------------
File               | % Stmts | % Branch | % Funcs | % Lines | Uncovered Line #s 
-------------------|---------|----------|---------|---------|-------------------
-------------------|---------|----------|---------|---------|-------------------

=============================== Coverage summary ===============================
Statements   : 100% ( 19706/19706 )
Branches     : 100% ( 15573/15573 )
Functions    : 100% ( 3903/3903 )
Lines        : 100% ( 18104/18104 )
================================================================================
