
> spoonjoy-v2@1.0.0 verify:clean:test:workers:coverage /Users/arimendelow/Projects/spoonjoy-v2-web-apple-sign-in-production-repair
> node scripts/run-with-warning-policy.mjs -- pnpm run test:workers:coverage


> spoonjoy-v2@1.0.0 test:workers:coverage /Users/arimendelow/Projects/spoonjoy-v2-web-apple-sign-in-production-repair
> vitest run --config vitest.workers.config.ts --maxWorkers=1 --no-isolate --coverage


 RUN  v4.1.10 /Users/arimendelow/Projects/spoonjoy-v2-web-apple-sign-in-production-repair
      Coverage enabled with istanbul


 Test Files  2 passed (2)
      Tests  43 passed (43)
   Start at  19:45:09
   Duration  9.56s (transform 3.29s, setup 32ms, import 7.30s, tests 1.74s, environment 0ms)

 % Coverage report from istanbul
-----------------|---------|----------|---------|---------|-------------------
File             | % Stmts | % Branch | % Funcs | % Lines | Uncovered Line #s 
-----------------|---------|----------|---------|---------|-------------------
-----------------|---------|----------|---------|---------|-------------------

=============================== Coverage summary ===============================
Statements   : 100% ( 37/37 )
Branches     : 100% ( 23/23 )
Functions    : 100% ( 5/5 )
Lines        : 100% ( 37/37 )
================================================================================
