
> spoonjoy-v2@1.0.0 verify:clean:test:e2e /Users/arimendelow/Projects/spoonjoy-v2-web-apple-sign-in-production-repair
> node scripts/run-with-warning-policy.mjs -- pnpm run test:e2e


> spoonjoy-v2@1.0.0 test:e2e /Users/arimendelow/Projects/spoonjoy-v2-web-apple-sign-in-production-repair
> env -u FORCE_COLOR -u NO_COLOR PLAYWRIGHT_FORCE_TTY=0 tsx scripts/warning-gate.ts -- pnpm exec playwright test --reporter=list,html


Running 64 tests using 5 workers

SPOONJOY_OAUTH_EVIDENCE={"provider":"google","appOrigin":"http://localhost:5197","controllerPath":"/sw.js","documentPath":"/auth/google","providerHost":"accounts.google.com","clientIdMatches":true,"redirectUriMatches":true,"responseModeMatches":true,"redirectToPreserved":true,"publicSignInMarkerPresent":true,"publicErrorSentinelAbsent":true,"cspViolations":[]}
  ✓   2 [oauth-navigation] › e2e/flows/oauth-navigation.spec.ts:5:1 › service-worker-controlled OAuth link performs a full Google document handoff (795ms)
  ✓   1 [setup] › e2e/auth.setup.ts:8:1 › authenticate (1.1s)
  ✓   3 [webauthn] › e2e/flows/passkey.spec.ts:21:3 › Passkey lifecycle › enroll, rename, sign in, and remove a passkey (2.4s)
  ✓   4 [chromium] › e2e/flows/cookbooks.spec.ts:36:3 › Cookbook Flow › cookbook detail shows recipes (471ms)
  ✓   8 [chromium] › e2e/flows/cookbooks.spec.ts:4:3 › Cookbook Flow › cookbooks page loads (535ms)
  ✓   6 [chromium] › e2e/flows/cookbooks.spec.ts:12:3 › Cookbook Flow › cookbooks page shows cookbook cards (693ms)
  ✓   7 [chromium] › e2e/flows/cookbooks.spec.ts:52:3 › Cookbook Flow › can create new cookbook (731ms)
  ✓   5 [chromium] › e2e/flows/cookbooks.spec.ts:20:3 › Cookbook Flow › clicking cookbook shows recipes in cookbook (881ms)
  ✓  12 [chromium] › e2e/flows/fellow-chefs.spec.ts:81:3 › Fellow chefs + Kitchen visitors flow › profile page exposes Fellow chefs and Kitchen visitors entry links (455ms)
  ✓  10 [chromium] › e2e/flows/create-recipe.spec.ts:74:3 › Create recipe flow › disposable user can reorder draft recipe steps by dragging the step handle (973ms)
  ✓   9 [chromium] › e2e/flows/create-recipe.spec.ts:28:3 › Create recipe flow › disposable user can create a minimal recipe from the new-recipe form (1.0s)
  ✓  14 [chromium] › e2e/flows/mobile-recipebuilder-spoondock.spec.ts:62:3 › Mobile RecipeBuilder and SpoonDock audit › create flow keeps RecipeBuilder controls reachable without the fixed dock (663ms)
  ✓  16 [chromium] › e2e/flows/recipes.spec.ts:10:3 › Recipe Flow › recipes page shows recipe cards (354ms)
  ✓  15 [chromium] › e2e/flows/recipe-image-handling.spec.ts:47:3 › Recipe image handling › uploaded EXIF-oriented recipe photos remain upright after save and reload (1.3s)
  ✓  11 [chromium] › e2e/flows/fellow-chefs.spec.ts:29:3 › Fellow chefs + Kitchen visitors flow › disposable user forks a public recipe and both chefs appear on derived-graph pages (2.3s)
  ✓  13 [chromium] › e2e/flows/fork-recipe.spec.ts:6:3 › Fork recipe flow › disposable viewer forks a public recipe and lands on the fork (2.4s)
  ✓  18 [chromium] › e2e/flows/recipes.spec.ts:22:3 › Recipe Flow › clicking recipe card navigates to recipe detail (1.5s)
  ✓  20 [chromium] › e2e/flows/shopping-list.spec.ts:4:3 › Shopping List Flow › shopping list page loads (479ms)
  ✓  19 [chromium] › e2e/flows/recipes.spec.ts:45:3 › Recipe Flow › recipe detail shows steps and ingredients (838ms)
  ✓  21 [chromium] › e2e/flows/shopping-list.spec.ts:12:3 › Shopping List Flow › shopping list shows items or empty state (509ms)
  ✓  22 [chromium] › e2e/flows/shopping-list.spec.ts:20:3 › Shopping List Flow › can add item to shopping list (550ms)
  ✓  23 [chromium] › e2e/flows/shopping-list.spec.ts:37:3 › Shopping List Flow › can check/uncheck shopping list item (607ms)
  ✓  17 [chromium] › e2e/flows/mobile-recipebuilder-spoondock.spec.ts:81:3 › Mobile RecipeBuilder and SpoonDock audit › edit flow keeps save controls usable without the fixed dock (2.6s)
  ✓  27 [chromium] › e2e/flows/spoondock-responsive.spec.ts:76:7 › SpoonDock @ 320px › search dock fits (640ms)
  ✓  24 [chromium] › e2e/flows/shopping-list.spec.ts:64:3 › Shopping List Flow › shopping list accessible from navigation (1.1s)
  ✓  26 [chromium] › e2e/flows/spoondock-responsive.spec.ts:76:7 › SpoonDock @ 320px › kitchen (default) dock fits (938ms)
  ✓  25 [chromium] › e2e/flows/spoon-a-recipe.spec.ts:9:3 › Spoon a recipe flow › user can log a cook and see it appear in the spoons strip (1.3s)
  ✓  30 [chromium] › e2e/flows/spoondock-responsive.spec.ts:76:7 › SpoonDock @ 320px › account dock fits (481ms)
  ✓  29 [chromium] › e2e/flows/spoondock-responsive.spec.ts:76:7 › SpoonDock @ 320px › shopping list dock fits (587ms)
  ✓  31 [chromium] › e2e/flows/spoondock-responsive.spec.ts:76:7 › SpoonDock @ 320px › cookbooks dock fits (493ms)
  ✓  32 [chromium] › e2e/flows/spoondock-responsive.spec.ts:76:7 › SpoonDock @ 320px › users/profile dock fits (509ms)
  ✓  28 [chromium] › e2e/flows/mobile-recipebuilder-spoondock.spec.ts:123:3 › Mobile RecipeBuilder and SpoonDock audit › recipe detail masthead actions fit with the fixed dock (1.2s)
  ✓  34 [chromium] › e2e/flows/spoondock-responsive.spec.ts:76:7 › SpoonDock @ 375px › kitchen (default) dock fits (588ms)
  ✓  35 [chromium] › e2e/flows/spoondock-responsive.spec.ts:76:7 › SpoonDock @ 375px › search dock fits (710ms)
  ✓  36 [chromium] › e2e/flows/spoondock-responsive.spec.ts:76:7 › SpoonDock @ 375px › shopping list dock fits (613ms)
  ✓  37 [chromium] › e2e/flows/mobile-recipebuilder-spoondock.spec.ts:159:3 › Mobile RecipeBuilder and SpoonDock audit › shopping-list mobile controls have touch targets and dock clearance (596ms)
  ✓  33 [chromium] › e2e/flows/spoondock-responsive.spec.ts:83:5 › SpoonDock @ 320px › recipe detail dock fits (worst case: place + primary + 3 tools) (962ms)
  ✓  38 [chromium] › e2e/flows/spoondock-responsive.spec.ts:76:7 › SpoonDock @ 375px › account dock fits (470ms)
  ✓  40 [chromium] › e2e/flows/spoondock-responsive.spec.ts:76:7 › SpoonDock @ 375px › users/profile dock fits (533ms)
  ✓  39 [chromium] › e2e/flows/spoondock-responsive.spec.ts:76:7 › SpoonDock @ 375px › cookbooks dock fits (814ms)
  ✓  42 [chromium] › e2e/flows/spoondock-responsive.spec.ts:76:7 › SpoonDock @ 390px › kitchen (default) dock fits (729ms)
  ✓  43 [chromium] › e2e/flows/spoondock-responsive.spec.ts:76:7 › SpoonDock @ 390px › search dock fits (584ms)
  ✓  44 [chromium] › e2e/flows/spoondock-responsive.spec.ts:76:7 › SpoonDock @ 390px › shopping list dock fits (433ms)
  ✓  45 [chromium] › e2e/flows/spoondock-responsive.spec.ts:76:7 › SpoonDock @ 390px › account dock fits (514ms)
  ✓  46 [chromium] › e2e/flows/spoondock-responsive.spec.ts:76:7 › SpoonDock @ 390px › cookbooks dock fits (464ms)
  ✓  41 [chromium] › e2e/flows/spoondock-responsive.spec.ts:83:5 › SpoonDock @ 375px › recipe detail dock fits (worst case: place + primary + 3 tools) (1.4s)
  ✓  47 [chromium] › e2e/flows/spoondock-responsive.spec.ts:76:7 › SpoonDock @ 390px › users/profile dock fits (664ms)
  ✓  50 [chromium] › e2e/home-hero-viewport.spec.ts:15:5 › guest home hero viewport reveal › reveals the following content in the first viewport on desktop (522ms)
  ✓  49 [chromium] › e2e/home-hero-viewport.spec.ts:15:5 › guest home hero viewport reveal › reveals the following content in the first viewport on mobile (524ms)
  ✓  54 [chromium] › e2e/push-subscribe.spec.ts:28:3 › Push subscribe flow › the public-key endpoint responds (69ms)
  ✓  53 [chromium] › e2e/push-subscribe.spec.ts:34:3 › Push subscribe flow › the manifest is served and the icons resolve (112ms)
  ✓  52 [chromium] › e2e/push-subscribe.spec.ts:20:3 › Push subscribe flow › account settings renders the Notifications section (490ms)
  ✓  48 [chromium] › e2e/flows/spoondock-responsive.spec.ts:83:5 › SpoonDock @ 390px › recipe detail dock fits (worst case: place + primary + 3 tools) (1.0s)
  ✓  51 [chromium] › e2e/home-hero-viewport.spec.ts:15:5 › guest home hero viewport reveal › reveals the following content in the first viewport on wide desktop (640ms)
  ✓  55 [chromium-no-auth] › e2e/example.spec.ts:3:1 › homepage loads with Spoonjoy branding and Login button (551ms)
  ✓  56 [chromium-no-auth] › e2e/flows/auth.spec.ts:24:3 › Auth Flow › landing page has login and signup buttons (768ms)
  ✓  58 [oauth] › e2e/flows/oauth-authorize.spec.ts:269:3 › OAuth authorize + consent flow › denying consent redirects back with access_denied (1.2s)
  ✓  59 [chromium-no-auth] › e2e/flows/auth.spec.ts:36:3 › Auth Flow › login with valid credentials redirects to public recipe index (762ms)
  ✓  57 [oauth] › e2e/flows/oauth-authorize.spec.ts:217:3 › OAuth authorize + consent flow › unauthenticated authorize gates to login, then consent grants a code (1.5s)
  ✓  60 [chromium-no-auth] › e2e/flows/auth.spec.ts:45:3 › Auth Flow › login with invalid credentials shows error (565ms)
  ✓  61 [chromium-no-auth] › e2e/flows/auth.spec.ts:59:3 › Auth Flow › logout redirects to landing page (665ms)
  ✓  62 [chromium-no-auth] › e2e/flows/auth.spec.ts:74:3 › Auth Flow › unauthenticated recipes access stays public (384ms)
  ✓  63 [chromium-no-auth] › e2e/flows/auth.spec.ts:81:3 › Auth Flow › signup page loads (310ms)
  ✓  64 [chromium-no-auth] › e2e/flows/auth.spec.ts:90:3 › Auth Flow › pins every same-origin redirect hop and intercepts external OAuth callbacks before network (85ms)

  64 passed (31.1s)
