
> spoonjoy-v2@1.0.0 verify:clean:test:coverage /Users/arimendelow/Projects/spoonjoy-v2-web-apple-sign-in-production-repair
> node scripts/run-with-warning-policy.mjs -- pnpm run test:coverage


> spoonjoy-v2@1.0.0 test:coverage /Users/arimendelow/Projects/spoonjoy-v2-web-apple-sign-in-production-repair
> tsx scripts/warning-gate.ts -- pnpm run api:playground:generate --then pnpm exec vitest run --coverage --fileParallelism=false


> spoonjoy-v2@1.0.0 api:playground:generate /Users/arimendelow/Projects/spoonjoy-v2-web-apple-sign-in-production-repair
> tsx scripts/generate-api-playground.ts

Generated app/lib/generated/api-v1-playground.ts

 RUN  v4.1.10 /Users/arimendelow/Projects/spoonjoy-v2-web-apple-sign-in-production-repair
      Coverage enabled with istanbul

direct clean child

 Test Files  381 passed (381)
      Tests  8316 passed (8316)
   Start at  19:33:18
   Duration  535.58s (transform 22.51s, setup 20.51s, import 86.04s, tests 324.20s, environment 54.98s)

 % Coverage report from istanbul
-------------------|---------|----------|---------|---------|-------------------
File               | % Stmts | % Branch | % Funcs | % Lines | Uncovered Line #s 
-------------------|---------|----------|---------|---------|-------------------
-------------------|---------|----------|---------|---------|-------------------

=============================== Coverage summary ===============================
Statements   : 100% ( 19697/19697 )
Branches     : 100% ( 15569/15569 )
Functions    : 100% ( 3903/3903 )
Lines        : 100% ( 18095/18095 )
================================================================================
